SQL> select count(RoomID) from location;

COUNT(ROOMID)                                                                                                                                                                                                                                                                                                                                                                                                                                                                                                                                                                                                                                                                                                                                                                                                                                                                                                                                                                                                                           
-------------                                                                                                                                                                                                                                                                                                                                                                                                                                                                                                                                                                                                                                                                                                                                                                                                                                                                                                                                                                                                                           
           11                                                                                                                                                                                                                                                                                                                                                                                                                                                                                                                                                                                                                                                                                                                                                                                                                                                                                                                                                                                                                           

SQL> select * from location;

    ROOMID BUILDIN ROO   CAPACITY R                                                                                                                                                                                                                                                                                                                                                                                                                                                                                                                                                                                                                                                                                                                                                                                                                                                                                                                                                                                                     
---------- ------- --- ---------- -                                                                                                                                                                                                                                                                                                                                                                                                                                                                                                                                                                                                                                                                                                                                                                                                                                                                                                                                                                                                     
        11 Gandhi  101          2 O                                                                                                                                                                                                                                                                                                                                                                                                                                                                                                                                                                                                                                                                                                                                                                                                                                                                                                                                                                                                     
        12 Gandhi  103          2 O                                                                                                                                                                                                                                                                                                                                                                                                                                                                                                                                                                                                                                                                                                                                                                                                                                                                                                                                                                                                     
        13 Kennedy 202         35 L                                                                                                                                                                                                                                                                                                                                                                                                                                                                                                                                                                                                                                                                                                                                                                                                                                                                                                                                                                                                     
        14 Kennedy 204         50 L                                                                                                                                                                                                                                                                                                                                                                                                                                                                                                                                                                                                                                                                                                                                                                                                                                                                                                                                                                                                     
        15 Nehru   301         50 C                                                                                                                                                                                                                                                                                                                                                                                                                                                                                                                                                                                                                                                                                                                                                                                                                                                                                                                                                                                                     
        16 Nehru   309         45 C                                                                                                                                                                                                                                                                                                                                                                                                                                                                                                                                                                                                                                                                                                                                                                                                                                                                                                                                                                                                     
        17 Gandhi  105          2 O                                                                                                                                                                                                                                                                                                                                                                                                                                                                                                                                                                                                                                                                                                                                                                                                                                                                                                                                                                                                     
        18 Kennedy 206         40 L                                                                                                                                                                                                                                                                                                                                                                                                                                                                                                                                                                                                                                                                                                                                                                                                                                                                                                                                                                                                     
        19 Kennedy 210         30 L                                                                                                                                                                                                                                                                                                                                                                                                                                                                                                                                                                                                                                                                                                                                                                                                                                                                                                                                                                                                     
        20 Gandhi  107          2 O                                                                                                                                                                                                                                                                                                                                                                                                                                                                                                                                                                                                                                                                                                                                                                                                                                                                                                                                                                                                     
        21 Gandhi  109          2 O                                                                                                                                                                                                                                                                                                                                                                                                                                                                                                                                                                                                                                                                                                                                                                                                                                                                                                                                                                                                     

11 rows selected.

SQL> select count(DISTINCT Building) from location;

COUNT(DISTINCTBUILDING)                                                                                                                                                                                                                                                                                                                                                                                                                                                                                                                                                                                                                                                                                                                                                                                                                                                                                                                                                                                                                 
-----------------------                                                                                                                                                                                                                                                                                                                                                                                                                                                                                                                                                                                                                                                                                                                                                                                                                                                                                                                                                                                                                 
                      3                                                                                                                                                                                                                                                                                                                                                                                                                                                                                                                                                                                                                                                                                                                                                                                                                                                                                                                                                                                                                 

SQL> select First,Last,Birthday from student;
select First,Last,Birthday from student
                  *
ERROR at line 1:
ORA-00904: "BIRTHDAY": invalid identifier 


SQL> select First,Last,Birthdate from student;

FIRST           LAST            BIRTHDATE                                                                                                                                                                                                                                                                                                                                                                                                                                                                                                                                                                                                                                                                                                                                                                                                                                                                                                                                                                                               
--------------- --------------- ---------                                                                                                                                                                                                                                                                                                                                                                                                                                                                                                                                                                                                                                                                                                                                                                                                                                                                                                                                                                                               
Jose            Diaz            12-FEB-83                                                                                                                                                                                                                                                                                                                                                                                                                                                                                                                                                                                                                                                                                                                                                                                                                                                                                                                                                                                               
Mickey          Tyler           18-MAR-84                                                                                                                                                                                                                                                                                                                                                                                                                                                                                                                                                                                                                                                                                                                                                                                                                                                                                                                                                                                               
Rajesh          Patel           12-DEC-85                                                                                                                                                                                                                                                                                                                                                                                                                                                                                                                                                                                                                                                                                                                                                                                                                                                                                                                                                                                               
Deborah         Rickles         20-OCT-70                                                                                                                                                                                                                                                                                                                                                                                                                                                                                                                                                                                                                                                                                                                                                                                                                                                                                                                                                                                               
Brian           Lee             28-NOV-85                                                                                                                                                                                                                                                                                                                                                                                                                                                                                                                                                                                                                                                                                                                                                                                                                                                                                                                                                                                               
Amir            Khan            07-JUL-84                                                                                                                                                                                                                                                                                                                                                                                                                                                                                                                                                                                                                                                                                                                                                                                                                                                                                                                                                                                               

6 rows selected.

SQL> select First,Last,Birthdate from student where Birthdate='20-OCT-1970';

FIRST           LAST            BIRTHDATE                                                                                                                                                                                                                                                                                                                                                                                                                                                                                                                                                                                                                                                                                                                                                                                                                                                                                                                                                                                               
--------------- --------------- ---------                                                                                                                                                                                                                                                                                                                                                                                                                                                                                                                                                                                                                                                                                                                                                                                                                                                                                                                                                                                               
Deborah         Rickles         20-OCT-70                                                                                                                                                                                                                                                                                                                                                                                                                                                                                                                                                                                                                                                                                                                                                                                                                                                                                                                                                                                               

SQL> SELECT SYSDATE FROM DUAL;

SYSDATE                                                                                                                                                                                                                                                                                                                                                                                                                                                                                                                                                                                                                                                                                                                                                                                                                                                                                                                                                                                                                                 
---------                                                                                                                                                                                                                                                                                                                                                                                                                                                                                                                                                                                                                                                                                                                                                                                                                                                                                                                                                                                                                               
28-JAN-21                                                                                                                                                                                                                                                                                                                                                                                                                                                                                                                                                                                                                                                                                                                                                                                                                                                                                                                                                                                                                               

SQL> SELECT ADD_MONTHS(HIREDATE, 4) FROM EMP WHERE
  2  EMP_NO=7369;
SELECT ADD_MONTHS(HIREDATE, 4) FROM EMP WHERE
                                    *
ERROR at line 1:
ORA-00942: table or view does not exist 


SQL> SELECT ADD_MONTHS(HIREDATE, 4) FROM EMP WHEREEMP_NO=7369;
SELECT ADD_MONTHS(HIREDATE, 4) FROM EMP WHEREEMP_NO=7369
                                                   *
ERROR at line 1:
ORA-00933: SQL command not properly ended 


SQL> SELECT MONTHS_BETWEEN(SYSDATE,'23-JAN-89') FROM
  2  DUAL;

MONTHS_BETWEEN(SYSDATE,'23-JAN-89')                                                                                                                                                                                                                                                                                                                                                                                                                                                                                                                                                                                                                                                                                                                                                                                                                                                                                                                                                                                                     
-----------------------------------                                                                                                                                                                                                                                                                                                                                                                                                                                                                                                                                                                                                                                                                                                                                                                                                                                                                                                                                                                                                     
                         384.178502                                                                                                                                                                                                                                                                                                                                                                                                                                                                                                                                                                                                                                                                                                                                                                                                                                                                                                                                                                                                     

SQL> SELECT avg(MONTHS_BETWEEN(SYSDATE,Birthdate)) FROM student;

AVG(MONTHS_BETWEEN(SYSDATE,BIRTHDATE))                                                                                                                                                                                                                                                                                                                                                                                                                                                                                                                                                                                                                                                                                                                                                                                                                                                                                                                                                                                                  
--------------------------------------                                                                                                                                                                                                                                                                                                                                                                                                                                                                                                                                                                                                                                                                                                                                                                                                                                                                                                                                                                                                  
                            463.896086                                                                                                                                                                                                                                                                                                                                                                                                                                                                                                                                                                                                                                                                                                                                                                                                                                                                                                                                                                                                  

SQL> SELECT max(MONTHS_BETWEEN(SYSDATE,Birthdate)) FROM student;

MAX(MONTHS_BETWEEN(SYSDATE,BIRTHDATE))                                                                                                                                                                                                                                                                                                                                                                                                                                                                                                                                                                                                                                                                                                                                                                                                                                                                                                                                                                                                  
--------------------------------------                                                                                                                                                                                                                                                                                                                                                                                                                                                                                                                                                                                                                                                                                                                                                                                                                                                                                                                                                                                                  
                            603.275306                                                                                                                                                                                                                                                                                                                                                                                                                                                                                                                                                                                                                                                                                                                                                                                                                                                                                                                                                                                                  

SQL> SELECT min(MONTHS_BETWEEN(SYSDATE,Birthdate)) FROM student;

MIN(MONTHS_BETWEEN(SYSDATE,BIRTHDATE))                                                                                                                                                                                                                                                                                                                                                                                                                                                                                                                                                                                                                                                                                                                                                                                                                                                                                                                                                                                                  
--------------------------------------                                                                                                                                                                                                                                                                                                                                                                                                                                                                                                                                                                                                                                                                                                                                                                                                                                                                                                                                                                                                  
                            421.533374                                                                                                                                                                                                                                                                                                                                                                                                                                                                                                                                                                                                                                                                                                                                                                                                                                                                                                                                                                                                  

SQL> select CourseID,TermID,sum(MaxCount) from crssection group by TermID,CourseID;

COURSE TERM SUM(MAXCOUNT)                                                                                                                                                                                                                                                                                                                                                                                                                                                                                                                                                                                                                                                                                                                                                                                                                                                                                                                                                                                                               
------ ---- -------------                                                                                                                                                                                                                                                                                                                                                                                                                                                                                                                                                                                                                                                                                                                                                                                                                                                                                                                                                                                                               
CIS265 WN03            30                                                                                                                                                                                                                                                                                                                                                                                                                                                                                                                                                                                                                                                                                                                                                                                                                                                                                                                                                                                                               
AC101  WN03            35                                                                                                                                                                                                                                                                                                                                                                                                                                                                                                                                                                                                                                                                                                                                                                                                                                                                                                                                                                                                               
CIS253 WN03            40                                                                                                                                                                                                                                                                                                                                                                                                                                                                                                                                                                                                                                                                                                                                                                                                                                                                                                                                                                                                               
MA150  WN03            25                                                                                                                                                                                                                                                                                                                                                                                                                                                                                                                                                                                                                                                                                                                                                                                                                                                                                                                                                                                                               
CIS253 SP03            82                                                                                                                                                                                                                                                                                                                                                                                                                                                                                                                                                                                                                                                                                                                                                                                                                                                                                                                                                                                                               
LA123  SP03            30                                                                                                                                                                                                                                                                                                                                                                                                                                                                                                                                                                                                                                                                                                                                                                                                                                                                                                                                                                                                               
CIS265 SP03            65                                                                                                                                                                                                                                                                                                                                                                                                                                                                                                                                                                                                                                                                                                                                                                                                                                                                                                                                                                                                               

7 rows selected.

SQL> select title,nvl2(prereq,'one','none') from course;

TITLE                NVL2                                                                                                                                                                                                                                                                                                                                                                                                                                                                                                                                                                                                                                                                                                                                                                                                                                                                                                                                                                                                               
-------------------- ----                                                                                                                                                                                                                                                                                                                                                                                                                                                                                                                                                                                                                                                                                                                                                                                                                                                                                                                                                                                                               
Basic English        none                                                                                                                                                                                                                                                                                                                                                                                                                                                                                                                                                                                                                                                                                                                                                                                                                                                                                                                                                                                                               
English Literature   one                                                                                                                                                                                                                                                                                                                                                                                                                                                                                                                                                                                                                                                                                                                                                                                                                                                                                                                                                                                                                
Database Systems     none                                                                                                                                                                                                                                                                                                                                                                                                                                                                                                                                                                                                                                                                                                                                                                                                                                                                                                                                                                                                               
Systems Analysis     one                                                                                                                                                                                                                                                                                                                                                                                                                                                                                                                                                                                                                                                                                                                                                                                                                                                                                                                                                                                                                
College Algebra      none                                                                                                                                                                                                                                                                                                                                                                                                                                                                                                                                                                                                                                                                                                                                                                                                                                                                                                                                                                                                               
Accounting           none                                                                                                                                                                                                                                                                                                                                                                                                                                                                                                                                                                                                                                                                                                                                                                                                                                                                                                                                                                                                               

6 rows selected.

SQL> select count(facultyID) from department;

COUNT(FACULTYID)                                                                                                                                                                                                                                                                                                                                                                                                                                                                                                                                                                                                                                                                                                                                                                                                                                                                                                                                                                                                                        
----------------                                                                                                                                                                                                                                                                                                                                                                                                                                                                                                                                                                                                                                                                                                                                                                                                                                                                                                                                                                                                                        
               5                                                                                                                                                                                                                                                                                                                                                                                                                                                                                                                                                                                                                                                                                                                                                                                                                                                                                                                                                                                                                        

SQL> select First,Last,Birthdate from student where extract(month from birthdate)='MAY';
select First,Last,Birthdate from student where extract(month from birthdate)='MAY'
                                                                             *
ERROR at line 1:
ORA-01722: invalid number 


SQL> select First,Last,Birthdate from student where extract(month from birthdate) IS 'MAY';
select First,Last,Birthdate from student where extract(month from birthdate) IS 'MAY'
                                                                                *
ERROR at line 1:
ORA-00908: missing NULL keyword 


SQL> select First,Last,Birthdate from student where month(birthdate)=month('MAY');
select First,Last,Birthdate from student where month(birthdate)=month('MAY')
                                                                *
ERROR at line 1:
ORA-00904: "MONTH": invalid identifier 


SQL> select deptID,count(facultyID) from faculty group by deptID;

    DEPTID COUNT(FACULTYID)                                                                                                                                                                                                                                                                                                                                                                                                                                                                                                                                                                                                                                                                                                                                                                                                                                                                                                                                                                                                             
---------- ----------------                                                                                                                                                                                                                                                                                                                                                                                                                                                                                                                                                                                                                                                                                                                                                                                                                                                                                                                                                                                                             
         1                2                                                                                                                                                                                                                                                                                                                                                                                                                                                                                                                                                                                                                                                                                                                                                                                                                                                                                                                                                                                                             
         2                2                                                                                                                                                                                                                                                                                                                                                                                                                                                                                                                                                                                                                                                                                                                                                                                                                                                                                                                                                                                                             
         4                1                                                                                                                                                                                                                                                                                                                                                                                                                                                                                                                                                                                                                                                                                                                                                                                                                                                                                                                                                                                                             
         5                1                                                                                                                                                                                                                                                                                                                                                                                                                                                                                                                                                                                                                                                                                                                                                                                                                                                                                                                                                                                                             
         3                2                                                                                                                                                                                                                                                                                                                                                                                                                                                                                                                                                                                                                                                                                                                                                                                                                                                                                                                                                                                                             

SQL> select studentID from student where to_char(BirthDate,'Month')='MAY';

no rows selected

SQL> SELECT avg(ceil(MONTHS_BETWEEN(SYSDATE,Birthdate)/12)) as min_age FROM student;

   MIN_AGE                                                                                                                                                                                                                                                                                                                                                                                                                                                                                                                                                                                                                                                                                                                                                                                                                                                                                                                                                                                                                              
----------                                                                                                                                                                                                                                                                                                                                                                                                                                                                                                                                                                                                                                                                                                                                                                                                                                                                                                                                                                                                                              
39.1666667                                                                                                                                                                                                                                                                                                                                                                                                                                                                                                                                                                                                                                                                                                                                                                                                                                                                                                                                                                                                                              

SQL> SELECT avg(ceil(MONTHS_BETWEEN(SYSDATE,Birthdate)/12)) as avg_age FROM student;

   AVG_AGE                                                                                                                                                                                                                                                                                                                                                                                                                                                                                                                                                                                                                                                                                                                                                                                                                                                                                                                                                                                                                              
----------                                                                                                                                                                                                                                                                                                                                                                                                                                                                                                                                                                                                                                                                                                                                                                                                                                                                                                                                                                                                                              
39.1666667                                                                                                                                                                                                                                                                                                                                                                                                                                                                                                                                                                                                                                                                                                                                                                                                                                                                                                                                                                                                                              

SQL> SELECT min(ceil(MONTHS_BETWEEN(SYSDATE,Birthdate)/12)/12) as avg_age FROM student;

   AVG_AGE                                                                                                                                                                                                                                                                                                                                                                                                                                                                                                                                                                                                                                                                                                                                                                                                                                                                                                                                                                                                                              
----------                                                                                                                                                                                                                                                                                                                                                                                                                                                                                                                                                                                                                                                                                                                                                                                                                                                                                                                                                                                                                              
         3                                                                                                                                                                                                                                                                                                                                                                                                                                                                                                                                                                                                                                                                                                                                                                                                                                                                                                                                                                                                                              

SQL> SELECT avg(ceil(MONTHS_BETWEEN(SYSDATE,Birthdate)/12)) as avg_age FROM student;

   AVG_AGE                                                                                                                                                                                                                                                                                                                                                                                                                                                                                                                                                                                                                                                                                                                                                                                                                                                                                                                                                                                                                              
----------                                                                                                                                                                                                                                                                                                                                                                                                                                                                                                                                                                                                                                                                                                                                                                                                                                                                                                                                                                                                                              
39.1666667                                                                                                                                                                                                                                                                                                                                                                                                                                                                                                                                                                                                                                                                                                                                                                                                                                                                                                                                                                                                                              

SQL> SELECT min(ceil(MONTHS_BETWEEN(SYSDATE,Birthdate)/12)) as min_age FROM student;

   MIN_AGE                                                                                                                                                                                                                                                                                                                                                                                                                                                                                                                                                                                                                                                                                                                                                                                                                                                                                                                                                                                                                              
----------                                                                                                                                                                                                                                                                                                                                                                                                                                                                                                                                                                                                                                                                                                                                                                                                                                                                                                                                                                                                                              
        36                                                                                                                                                                                                                                                                                                                                                                                                                                                                                                                                                                                                                                                                                                                                                                                                                                                                                                                                                                                                                              

SQL> SELECT max(ceil(MONTHS_BETWEEN(SYSDATE,Birthdate)/12)) as min_age FROM student;

   MIN_AGE                                                                                                                                                                                                                                                                                                                                                                                                                                                                                                                                                                                                                                                                                                                                                                                                                                                                                                                                                                                                                              
----------                                                                                                                                                                                                                                                                                                                                                                                                                                                                                                                                                                                                                                                                                                                                                                                                                                                                                                                                                                                                                              
        51                                                                                                                                                                                                                                                                                                                                                                                                                                                                                                                                                                                                                                                                                                                                                                                                                                                                                                                                                                                                                              

SQL> select first,kast,to_char(BIRTHDATE 'DD MONTH YYYY') FROM STUDENT;
select first,kast,to_char(BIRTHDATE 'DD MONTH YYYY') FROM STUDENT
                                    *
ERROR at line 1:
ORA-00907: missing right parenthesis 


SQL> select first,kast,to_char(BIRTHDATE,'DD MONTH YYYY') FROM STUDENT;
select first,kast,to_char(BIRTHDATE,'DD MONTH YYYY') FROM STUDENT
             *
ERROR at line 1:
ORA-00904: "KAST": invalid identifier 


SQL> select first,kast,to_char(BIRTHDATE,'DD MM YYYY') FROM STUDENT;
select first,kast,to_char(BIRTHDATE,'DD MM YYYY') FROM STUDENT
             *
ERROR at line 1:
ORA-00904: "KAST": invalid identifier 


SQL> select first,last,to_char(BIRTHDATE,'DD MM YYYY') FROM STUDENT;

FIRST           LAST            TO_CHAR(BI                                                                                                                                                                                                                                                                                                                                                                                                                                                                                                                                                                                                                                                                                                                                                                                                                                                                                                                                                                                              
--------------- --------------- ----------                                                                                                                                                                                                                                                                                                                                                                                                                                                                                                                                                                                                                                                                                                                                                                                                                                                                                                                                                                                              
Jose            Diaz            12 02 1983                                                                                                                                                                                                                                                                                                                                                                                                                                                                                                                                                                                                                                                                                                                                                                                                                                                                                                                                                                                              
Mickey          Tyler           18 03 1984                                                                                                                                                                                                                                                                                                                                                                                                                                                                                                                                                                                                                                                                                                                                                                                                                                                                                                                                                                                              
Rajesh          Patel           12 12 1985                                                                                                                                                                                                                                                                                                                                                                                                                                                                                                                                                                                                                                                                                                                                                                                                                                                                                                                                                                                              
Deborah         Rickles         20 10 1970                                                                                                                                                                                                                                                                                                                                                                                                                                                                                                                                                                                                                                                                                                                                                                                                                                                                                                                                                                                              
Brian           Lee             28 11 1985                                                                                                                                                                                                                                                                                                                                                                                                                                                                                                                                                                                                                                                                                                                                                                                                                                                                                                                                                                                              
Amir            Khan            07 07 1984                                                                                                                                                                                                                                                                                                                                                                                                                                                                                                                                                                                                                                                                                                                                                                                                                                                                                                                                                                                              

6 rows selected.

SQL> select first,last,to_char(BIRTHDATE,'DD MONTH YYYY') FROM STUDENT;

FIRST           LAST            TO_CHAR(BIRTHDATE,'DDMONTHYYYY')                                                                                                                                                                                                                                                                                                                                                                                                                                                                                                                                                                                                                                                                                                                                                                                                                                                                                                                                                                        
--------------- --------------- --------------------------------------------                                                                                                                                                                                                                                                                                                                                                                                                                                                                                                                                                                                                                                                                                                                                                                                                                                                                                                                                                            
Jose            Diaz            12 FEBRUARY  1983                                                                                                                                                                                                                                                                                                                                                                                                                                                                                                                                                                                                                                                                                                                                                                                                                                                                                                                                                                                       
Mickey          Tyler           18 MARCH     1984                                                                                                                                                                                                                                                                                                                                                                                                                                                                                                                                                                                                                                                                                                                                                                                                                                                                                                                                                                                       
Rajesh          Patel           12 DECEMBER  1985                                                                                                                                                                                                                                                                                                                                                                                                                                                                                                                                                                                                                                                                                                                                                                                                                                                                                                                                                                                       
Deborah         Rickles         20 OCTOBER   1970                                                                                                                                                                                                                                                                                                                                                                                                                                                                                                                                                                                                                                                                                                                                                                                                                                                                                                                                                                                       
Brian           Lee             28 NOVEMBER  1985                                                                                                                                                                                                                                                                                                                                                                                                                                                                                                                                                                                                                                                                                                                                                                                                                                                                                                                                                                                       
Amir            Khan            07 JULY      1984                                                                                                                                                                                                                                                                                                                                                                                                                                                                                                                                                                                                                                                                                                                                                                                                                                                                                                                                                                                       

6 rows selected.

SQL> select first,last,to_char(BIRTHDATE,'DD MONTH YYYY') FROM STUDENT WHERE birthdate="20-OCTOBER-1970";
select first,last,to_char(BIRTHDATE,'DD MONTH YYYY') FROM STUDENT WHERE birthdate="20-OCTOBER-1970"
                                                                                  *
ERROR at line 1:
ORA-00904: "20-OCTOBER-1970": invalid identifier 


SQL> select first,last,to_char(BIRTHDATE,'DD MONTH YYYY') FROM STUDENT WHERE birthdate='20-OCTOBER-1970';

FIRST           LAST            TO_CHAR(BIRTHDATE,'DDMONTHYYYY')                                                                                                                                                                                                                                                                                                                                                                                                                                                                                                                                                                                                                                                                                                                                                                                                                                                                                                                                                                        
--------------- --------------- --------------------------------------------                                                                                                                                                                                                                                                                                                                                                                                                                                                                                                                                                                                                                                                                                                                                                                                                                                                                                                                                                            
Deborah         Rickles         20 OCTOBER   1970                                                                                                                                                                                                                                                                                                                                                                                                                                                                                                                                                                                                                                                                                                                                                                                                                                                                                                                                                                                       

SQL> select first||''||last,majorID from student;

FIRST||''||LAST                   MAJORID                                                                                                                                                                                                                                                                                                                                                                                                                                                                                                                                                                                                                                                                                                                                                                                                                                                                                                                                                                                               
------------------------------ ----------                                                                                                                                                                                                                                                                                                                                                                                                                                                                                                                                                                                                                                                                                                                                                                                                                                                                                                                                                                                               
JoseDiaz                              100                                                                                                                                                                                                                                                                                                                                                                                                                                                                                                                                                                                                                                                                                                                                                                                                                                                                                                                                                                                               
MickeyTyler                           500                                                                                                                                                                                                                                                                                                                                                                                                                                                                                                                                                                                                                                                                                                                                                                                                                                                                                                                                                                                               
RajeshPatel                           400                                                                                                                                                                                                                                                                                                                                                                                                                                                                                                                                                                                                                                                                                                                                                                                                                                                                                                                                                                                               
DeborahRickles                        500                                                                                                                                                                                                                                                                                                                                                                                                                                                                                                                                                                                                                                                                                                                                                                                                                                                                                                                                                                                               
BrianLee                              600                                                                                                                                                                                                                                                                                                                                                                                                                                                                                                                                                                                                                                                                                                                                                                                                                                                                                                                                                                                               
AmirKhan                              200                                                                                                                                                                                                                                                                                                                                                                                                                                                                                                                                                                                                                                                                                                                                                                                                                                                                                                                                                                                               

6 rows selected.

SQL> select first,last,majordesc from student natural join major;

FIRST           LAST            MAJORDESC                                                                                                                                                                                                                                                                                                                                                                                                                                                                                                                                                                                                                                                                                                                                                                                                                                                                                                                                                                                               
--------------- --------------- -------------------------                                                                                                                                                                                                                                                                                                                                                                                                                                                                                                                                                                                                                                                                                                                                                                                                                                                                                                                                                                               
Jose            Diaz            AAS-Accounting                                                                                                                                                                                                                                                                                                                                                                                                                                                                                                                                                                                                                                                                                                                                                                                                                                                                                                                                                                                          
Amir            Khan            AAS-Computer Science                                                                                                                                                                                                                                                                                                                                                                                                                                                                                                                                                                                                                                                                                                                                                                                                                                                                                                                                                                                    
Rajesh          Patel           BS-Accounting                                                                                                                                                                                                                                                                                                                                                                                                                                                                                                                                                                                                                                                                                                                                                                                                                                                                                                                                                                                           
Deborah         Rickles         BS-Computer Science                                                                                                                                                                                                                                                                                                                                                                                                                                                                                                                                                                                                                                                                                                                                                                                                                                                                                                                                                                                     
Mickey          Tyler           BS-Computer Science                                                                                                                                                                                                                                                                                                                                                                                                                                                                                                                                                                                                                                                                                                                                                                                                                                                                                                                                                                                     
Brian           Lee             BS-Telecommunications                                                                                                                                                                                                                                                                                                                                                                                                                                                                                                                                                                                                                                                                                                                                                                                                                                                                                                                                                                                   

6 rows selected.

SQL> select * from student where birthdate like '%JUL%';

STUDE LAST            FIRST           STREET                    CITY            ST ZIP   STAR BIRTHDATE  FACULTYID    MAJORID PHONE                                                                                                                                                                                                                                                                                                                                                                                                                                                                                                                                                                                                                                                                                                                                                                                                                                                                                                     
----- --------------- --------------- ------------------------- --------------- -- ----- ---- --------- ---------- ---------- ----------                                                                                                                                                                                                                                                                                                                                                                                                                                                                                                                                                                                                                                                                                                                                                                                                                                                                                                
00105 Khan            Amir            213 Broadway              Clifton         NJ 07222 WN03 07-JUL-84        222        200 2015556666                                                                                                                                                                                                                                                                                                                                                                                                                                                                                                                                                                                                                                                                                                                                                                                                                                                                                                

SQL> select first,last from student s inner join registration r on s.studentID=r.studentID inner join term t on t.termID=s.startterm where r.final='F' and s.startterm='WN03';

FIRST           LAST
--------------- ---------------
Jose            Diaz

SQL> select first,last,name,building from student,faculty,location where student.facultyID=faculty.facultyID and faculty.roomID=location.roomID;

FIRST           LAST            NAME            BUILDIN
--------------- --------------- --------------- -------
Jose            Diaz            Mobley          Gandhi
Rajesh          Patel           Jones           Gandhi
Brian           Lee             Sen             Gandhi
Mickey          Tyler           Chang           Gandhi
Deborah         Rickles         Chang           Gandhi
Amir            Khan            Williams        Gandhi

6 rows selected.

SQL> select courseID,name from crssection c full outer join facullty f on c.facultyID=f.facultyID where c.termID='SP03';
select courseID,name from crssection c full outer join facullty f on c.facultyID=f.facultyID where c.termID='SP03'
                                                       *
ERROR at line 1:
ORA-00942: table or view does not exist


SQL> select courseID,name from crssection c full outer join faculty f on c.facultyID=f.facultyID where c.termID='SP03';

COURSE NAME
------ ---------------
CIS253 Jones
CIS265 Jones
CIS253 Mobley
CIS253 Mobley
LA123
CIS265

6 rows selected.

SQL> select title,prereq from course;

TITLE                PREREQ
-------------------- ------
Basic English
English Literature   EN100
Database Systems
Systems Analysis     CIS253
College Algebra
Accounting

6 rows selected.
SQL> exit
